[
  {
    "id": 1,
    "nome": "teste",
    "proprietario": "teste"
  },
  {
    "id": 2,
    "nome": "teste",
    "proprietario": "teste"
  }
]